/opt/homebrew/Caskroom/miniforge/base/lib/python3.13/site-packages/requests/__init__.py:113: RequestsDependencyWarning: urllib3 (2.6.3) or chardet (6.0.0.post1)/charset_normalizer (3.4.4) doesn't match a supported version!
  warnings.warn(
Uniform Te scan: 81 points, 20000 events/point, max 8 parallel
Running Te=0.1 MeV (20000 events)...
Running Te=0.0 MeV (20000 events)...
Running Te=0.2 MeV (20000 events)...
Running Te=0.3 MeV (20000 events)...
Running Te=0.4 MeV (20000 events)...
Running Te=0.6 MeV (20000 events)...
Running Te=0.7 MeV (20000 events)...
Running Te=0.5 MeV (20000 events)...
Done Te=0.2 MeV
Done Te=0.0 MeV
Done Te=0.1 MeV
Running Te=0.9 MeV (20000 events)...
Running Te=0.8 MeV (20000 events)...
Running Te=1.0 MeV (20000 events)...
Done Te=0.3 MeV
Running Te=1.1 MeV (20000 events)...
Done Te=0.4 MeV
Running Te=1.2 MeV (20000 events)...
Done Te=0.5 MeV
Running Te=1.3 MeV (20000 events)...
Done Te=0.6 MeV
Running Te=1.4 MeV (20000 events)...
Done Te=0.7 MeV
Running Te=1.5 MeV (20000 events)...
Done Te=0.8 MeV
Running Te=1.6 MeV (20000 events)...
Done Te=0.9 MeV
Running Te=1.7 MeV (20000 events)...
Done Te=1.0 MeV
Running Te=1.8 MeV (20000 events)...
Done Te=1.1 MeV
Running Te=1.9 MeV (20000 events)...
Done Te=1.2 MeV
Running Te=2.0 MeV (20000 events)...
Done Te=1.3 MeV
Running Te=2.1 MeV (20000 events)...
Done Te=1.4 MeV
Running Te=2.2 MeV (20000 events)...
Done Te=1.5 MeV
Running Te=2.3 MeV (20000 events)...
Done Te=1.6 MeV
Running Te=2.4 MeV (20000 events)...
Done Te=1.7 MeV
Running Te=2.5 MeV (20000 events)...
Done Te=1.8 MeV
Running Te=2.6 MeV (20000 events)...
Done Te=1.9 MeV
Running Te=2.7 MeV (20000 events)...
Done Te=2.0 MeV
Running Te=2.8 MeV (20000 events)...
Done Te=2.1 MeV
Running Te=2.9 MeV (20000 events)...
Done Te=2.2 MeV
Running Te=3.0 MeV (20000 events)...
Done Te=2.3 MeV
Running Te=3.1 MeV (20000 events)...
Done Te=2.4 MeV
Running Te=3.2 MeV (20000 events)...
Done Te=2.5 MeV
Running Te=3.3 MeV (20000 events)...
Done Te=2.6 MeV
Running Te=3.4 MeV (20000 events)...
Done Te=2.7 MeV
Running Te=3.5 MeV (20000 events)...
Done Te=2.8 MeV
Running Te=3.6 MeV (20000 events)...
Done Te=2.9 MeV
Running Te=3.7 MeV (20000 events)...
Done Te=3.0 MeV
Running Te=3.8 MeV (20000 events)...
Done Te=3.1 MeV
Running Te=3.9 MeV (20000 events)...
Done Te=3.2 MeV
Running Te=4.0 MeV (20000 events)...
Done Te=3.3 MeV
Running Te=4.1 MeV (20000 events)...
Done Te=3.4 MeV
Running Te=4.2 MeV (20000 events)...
Done Te=3.5 MeV
Running Te=4.3 MeV (20000 events)...
Done Te=3.6 MeV
Running Te=4.4 MeV (20000 events)...
Done Te=3.7 MeV
Running Te=4.5 MeV (20000 events)...
Done Te=3.8 MeV
Running Te=4.6 MeV (20000 events)...
Done Te=3.9 MeV
Running Te=4.7 MeV (20000 events)...
Done Te=4.0 MeV
Running Te=4.8 MeV (20000 events)...
Done Te=4.1 MeV
Running Te=4.9 MeV (20000 events)...
Done Te=4.2 MeV
Running Te=5.0 MeV (20000 events)...
Done Te=4.3 MeV
Running Te=5.1 MeV (20000 events)...
Done Te=4.4 MeV
Running Te=5.2 MeV (20000 events)...
Done Te=4.5 MeV
Running Te=5.3 MeV (20000 events)...
Done Te=4.6 MeV
Running Te=5.4 MeV (20000 events)...
Done Te=4.7 MeV
Running Te=5.5 MeV (20000 events)...
Done Te=4.8 MeV
Running Te=5.6 MeV (20000 events)...
Done Te=4.9 MeV
Running Te=5.7 MeV (20000 events)...
Done Te=5.0 MeV
Running Te=5.8 MeV (20000 events)...
Done Te=5.1 MeV
Running Te=5.9 MeV (20000 events)...
Done Te=5.2 MeV
Running Te=6.0 MeV (20000 events)...
Done Te=5.3 MeV
Running Te=6.1 MeV (20000 events)...
Done Te=5.4 MeV
Running Te=6.2 MeV (20000 events)...
Done Te=5.5 MeV
Running Te=6.3 MeV (20000 events)...
Done Te=5.6 MeV
Running Te=6.4 MeV (20000 events)...
Done Te=5.7 MeV
Running Te=6.5 MeV (20000 events)...
Done Te=5.8 MeV
Running Te=6.6 MeV (20000 events)...
Done Te=5.9 MeV
Running Te=6.7 MeV (20000 events)...
Done Te=6.0 MeV
Running Te=6.8 MeV (20000 events)...
Done Te=6.1 MeV
Running Te=6.9 MeV (20000 events)...
Done Te=6.2 MeV
Running Te=7.0 MeV (20000 events)...
Done Te=6.3 MeV
Running Te=7.1 MeV (20000 events)...
Done Te=6.4 MeV
Running Te=7.2 MeV (20000 events)...
Done Te=6.5 MeV
Running Te=7.3 MeV (20000 events)...
Done Te=6.6 MeV
Running Te=7.4 MeV (20000 events)...
Done Te=6.7 MeV
Running Te=7.5 MeV (20000 events)...
Done Te=6.8 MeV
Running Te=7.6 MeV (20000 events)...
Done Te=6.9 MeV
Running Te=7.7 MeV (20000 events)...
Done Te=7.0 MeV
Running Te=7.8 MeV (20000 events)...
Done Te=7.1 MeV
Running Te=7.9 MeV (20000 events)...
Done Te=7.2 MeV
Running Te=8.0 MeV (20000 events)...
Done Te=7.3 MeV
Done Te=7.4 MeV
Done Te=7.5 MeV
Done Te=7.6 MeV
Done Te=7.7 MeV
Done Te=7.8 MeV
Done Te=7.9 MeV
Done Te=8.0 MeV
Uniform Te scan complete. Processing plot data...
Skipping Cherenkov histogram (by --skip-cherenkov).
 - /Users/pasheeee/university/nirs/geant4/NIRS/data/lifetime_hist_Cd.dat
 - /Users/pasheeee/university/nirs/geant4/NIRS/data/lifetime_hist_Gd.dat
 - /Users/pasheeee/university/nirs/geant4/NIRS/data/npe_hist_Cd.dat
 - /Users/pasheeee/university/nirs/geant4/NIRS/data/npe_hist_log_Cd.dat
 - /Users/pasheeee/university/nirs/geant4/NIRS/data/npe_survival_Cd.dat
 - /Users/pasheeee/university/nirs/geant4/NIRS/data/npe_hist_Gd.dat
 - /Users/pasheeee/university/nirs/geant4/NIRS/data/npe_hist_log_Gd.dat
 - /Users/pasheeee/university/nirs/geant4/NIRS/data/npe_survival_Gd.dat
 - /Users/pasheeee/university/nirs/geant4/NIRS/data/nfired_survival_ibd.dat
 - /Users/pasheeee/university/nirs/geant4/NIRS/data/nfired_survival_Cd.dat
 - /Users/pasheeee/university/nirs/geant4/NIRS/data/nfired_survival_Gd.dat
 - /Users/pasheeee/university/nirs/geant4/NIRS/data/photons_hist_p10.dat
 - /Users/pasheeee/university/nirs/geant4/NIRS/data/photons_hist_p50.dat
 - /Users/pasheeee/university/nirs/geant4/NIRS/data/photons_hist_p90.dat
 - /Users/pasheeee/university/nirs/geant4/NIRS/data/positron_Te_hist_trig3.dat
 - /Users/pasheeee/university/nirs/geant4/NIRS/data/npe_vs_Te_mean_trig3.dat
 - /Users/pasheeee/university/nirs/geant4/NIRS/data/lifetime_hist_Cd_trig3.dat
 - /Users/pasheeee/university/nirs/geant4/NIRS/data/npe_hist_log_Cd_trig3.dat
 - /Users/pasheeee/university/nirs/geant4/NIRS/data/npe_survival_Cd_trig3.dat
 - /Users/pasheeee/university/nirs/geant4/NIRS/data/lifetime_hist_Gd_trig3.dat
 - /Users/pasheeee/university/nirs/geant4/NIRS/data/npe_hist_log_Gd_trig3.dat
 - /Users/pasheeee/university/nirs/geant4/NIRS/data/npe_survival_Gd_trig3.dat
 - /Users/pasheeee/university/nirs/geant4/NIRS/data/npe_vs_Te_mean_uniform_trig3.dat
Wrote:
 - /Users/pasheeee/university/nirs/geant4/NIRS/data/positron_Te_hist.dat
 - /Users/pasheeee/university/nirs/geant4/NIRS/data/asym_hist.dat
 - /Users/pasheeee/university/nirs/geant4/NIRS/data/npe_vs_Te_mean.dat
 - /Users/pasheeee/university/nirs/geant4/NIRS/data/n_fired_vs_Te_mean.dat
 - /Users/pasheeee/university/nirs/geant4/NIRS/data/npe_hist_Te_2_3.dat
 - /Users/pasheeee/university/nirs/geant4/NIRS/data/npe_hist_Te_5_6.dat
 - /Users/pasheeee/university/nirs/geant4/NIRS/data/cherenkov_lambda_hist.dat
ALL DONE (81 points x 20000 events)
